Warning: Optran step size potentially too large.
ERROR: (external)  no graphics interface;
 please check if X-server is running,
 or ngspice is compiled properly (see INSTALL)
Warning: m=xx on .subckt line will override multiplier m hierarchy!

Warning : IC on non-existent node - xdut.vc1, ignored
   Please check line .ic v(xdut.vc1)=0.95 v(xdut.vc2)=1.05 v(xdut.stailp)=0.20 v(xdut.stailn)=0.20

Warning : IC on non-existent node - xdut.vc2, ignored
   Please check line .ic v(xdut.vc1)=0.95 v(xdut.vc2)=1.05 v(xdut.stailp)=0.20 v(xdut.stailn)=0.20

Warning : IC on non-existent node - xdut.stailp, ignored
   Please check line .ic v(xdut.vc1)=0.95 v(xdut.vc2)=1.05 v(xdut.stailp)=0.20 v(xdut.stailn)=0.20

Warning : IC on non-existent node - xdut.stailn, ignored
   Please check line .ic v(xdut.vc1)=0.95 v(xdut.vc2)=1.05 v(xdut.stailp)=0.20 v(xdut.stailn)=0.20

Using KLU as Direct Linear Solver
Note: Starting spice3 gmin stepping
Note: spice3 gmin stepping completed
******
** ngspice-42 : Circuit level simulation program
** Compiled with KLU Direct Linear Solver
** The U. C. Berkeley CAD Group
** Copyright 1985-1994, Regents of the University of California.
** Copyright 2001-2023, The ngspice team.
** Please get your ngspice manual from https://ngspice.sourceforge.io/docs.html
** Please file your bug-reports at http://ngspice.sourceforge.net/bugrep.html
** Creation Date: Sun Mar 31 20:15:14 UTC 2024
******

Note: Compatibility modes selected: hs a


Circuit: *cicsimgen op

option SCALE: Scale is set to 1e-06 for instance and model parameters
Doing analysis at TEMP = 27.000000 and TNOM = 27.000000

 Reference value :  0.00000e+00
No. of Data Rows : 1
==== Node voltages ====
v(xdut.ntail) = 1.118044e-01
v(xdut.aneg) = 1.879644e-01
v(xdut.apos) = 1.879644e-01
v(xdut.bneg) = 1.626215e+00
v(xdut.bpos) = 1.626215e+00
v(nvcmfb) = 1.389925e+00
v(vop) = 9.557265e-01
v(von) = 9.557265e-01
v(ibias) = 8.672678e-01
v(xdut.vbd) = 9.218130e-01
v(xdut.vbc) = 8.141560e-01
==== Mi1 (NMOS input pair) ====
@m.xdut.xmi1.msky130_fd_pr__nfet_01v8[gm] = 4.040347e-04
@m.xdut.xmi1.msky130_fd_pr__nfet_01v8[gds] = 6.088742e-04
@m.xdut.xmi1.msky130_fd_pr__nfet_01v8[id] = 6.159744e-05
@m.xdut.xmi1.msky130_fd_pr__nfet_01v8[vgs] = 7.881956e-01
@m.xdut.xmi1.msky130_fd_pr__nfet_01v8[vds] = 7.615999e-02
@m.xdut.xmi1.msky130_fd_pr__nfet_01v8[vth] = 5.780972e-01
==== MC1 (PMOS cascode) ====
@m.xdut.xmc1.msky130_fd_pr__pfet_01v8_lvt[gm] = 3.828525e-04
@m.xdut.xmc1.msky130_fd_pr__pfet_01v8_lvt[gds] = 5.499895e-06
@m.xdut.xmc1.msky130_fd_pr__pfet_01v8_lvt[vds] = 1.438251e+00
@m.xdut.xmc1.msky130_fd_pr__pfet_01v8_lvt[vgs] = 8.120593e-01
==== MD1 (PMOS top current src) ====
@m.xdut.xmd1.msky130_fd_pr__pfet_01v8_lvt[gm] = 2.377643e-04
@m.xdut.xmd1.msky130_fd_pr__pfet_01v8_lvt[gds] = 2.420112e-04
@m.xdut.xmd1.msky130_fd_pr__pfet_01v8_lvt[id] = 6.159743e-05
@m.xdut.xmd1.msky130_fd_pr__pfet_01v8_lvt[vds] = 1.737848e-01
@m.xdut.xmd1.msky130_fd_pr__pfet_01v8_lvt[vgs] = 8.781870e-01
==== ML+ (PMOS 2nd-stage CS) ====
@m.xdut.xml_p.msky130_fd_pr__pfet_01v8_lvt[gm] = 6.844041e-04
@m.xdut.xml_p.msky130_fd_pr__pfet_01v8_lvt[gds] = 9.139794e-05
@m.xdut.xml_p.msky130_fd_pr__pfet_01v8_lvt[id] = 4.018700e-04
@m.xdut.xml_p.msky130_fd_pr__pfet_01v8_lvt[vds] = 8.442735e-01
@m.xdut.xml_p.msky130_fd_pr__pfet_01v8_lvt[vgs] = 1.612036e+00
==== MU+ (NMOS 2nd-stage load) ====
@m.xdut.xmu_p.msky130_fd_pr__nfet_01v8[gm] = 8.578625e-04
@m.xdut.xmu_p.msky130_fd_pr__nfet_01v8[gds] = 8.726946e-06
@m.xdut.xmu_p.msky130_fd_pr__nfet_01v8[id] = 4.018700e-04
@m.xdut.xmu_p.msky130_fd_pr__nfet_01v8[vds] = 9.557265e-01
@m.xdut.xmu_p.msky130_fd_pr__nfet_01v8[vgs] = 1.389925e+00
==== Gain budget ====
gm_in = 4.040347e-04
gm_mc = 3.828525e-04
gm_ml = 6.844041e-04
r_cas_dn = 2.876349e+05
r_cas_up = 1.642375e+03
rout1 = 1.633051e+03
rout2 = 9.987527e+03
av1 = 6.598091e-01
av2 = 6.835505e+00
avo = 4.510129e+00
avo_db = 1.308378e+01
i_vdd = 1.267178e-03
p_supply = 2.280920e-03
ASCII raw file "op_SchGtKttTtVt.raw"
ngspice-42 done
