Warning: Optran step size potentially too large.
ERROR: (external)  no graphics interface;
 please check if X-server is running,
 or ngspice is compiled properly (see INSTALL)
Warning: m=xx on .subckt line will override multiplier m hierarchy!

Using KLU as Direct Linear Solver
Note: Starting source stepping
******
** ngspice-42 : Circuit level simulation program
** Compiled with KLU Direct Linear Solver
** The U. C. Berkeley CAD Group
** Copyright 1985-1994, Regents of the University of California.
** Copyright 2001-2023, The ngspice team.
** Please get your ngspice manual from https://ngspice.sourceforge.io/docs.html
** Please file your bug-reports at http://ngspice.sourceforge.net/bugrep.html
** Creation Date: Sun Mar 31 20:15:14 UTC 2024
******

Note: Compatibility modes selected: hs a


Circuit: *cicsimgen ac

option SCALE: Scale is set to 1e-06 for instance and model parameters
Doing analysis at TEMP = -40.000000 and TNOM = 27.000000

 Reference value :  0.00000e+00Using KLU as Direct Linear Solver
Note: Starting source stepping

No. of Data Rows : 1
v(vout) = 9.000000e-01
v(xdut.na) = 8.996909e-01
v(xdut.np2) = 1.517043e+00
v(xdut.nd1) = 5.870069e-01
v(xdut.nd2) = 5.870105e-01
v(xdut.ntail) = 3.447750e-01
Doing analysis at TEMP = -40.000000 and TNOM = 27.000000


No. of Data Rows : 901
dc_gain_db          =  7.365016e+01
fgbw                =  2.416779e+07
phase_ugf           =  -1.354870e+02
f3db                =  7.282442e+03
f_40db              =  3.512951e+05

================ OPEN-LOOP AC SUMMARY ================
dc_gain_db = 7.365016e+01
f3db = 7.282442e+03
fgbw = 2.416779e+07
phase_ugf = -1.35487e+02
pm = 4.451300e+01
f_40db = 3.512951e+05
mag_1 = 7.365016e+01
mag_10 = 7.364936e+01
mag_100 = 7.356943e+01
mag_1k = 6.906128e+01
mag_10k = 5.089311e+01
mag_100k = 3.090345e+01
mag_1m = 9.881746e+00
mag_10m = -1.20669e+01
ph_1 = -6.86322e-02
ph_10 = -7.84159e-01
ph_100 = -7.80332e+00
ph_1k = -5.39010e+01
ph_10k = -8.61195e+01
ph_100k = -9.25229e+01
ph_1m = -1.16103e+02
ph_10m = -1.67182e+02
ASCII raw file "ac_SchGtKsfTlVt.raw"
ngspice-42 done
