Warning: Optran step size potentially too large.
ERROR: (external)  no graphics interface;
 please check if X-server is running,
 or ngspice is compiled properly (see INSTALL)
Warning: m=xx on .subckt line will override multiplier m hierarchy!

Using KLU as Direct Linear Solver
Note: Starting source stepping
******
** ngspice-42 : Circuit level simulation program
** Compiled with KLU Direct Linear Solver
** The U. C. Berkeley CAD Group
** Copyright 1985-1994, Regents of the University of California.
** Copyright 2001-2023, The ngspice team.
** Please get your ngspice manual from https://ngspice.sourceforge.io/docs.html
** Please file your bug-reports at http://ngspice.sourceforge.net/bugrep.html
** Creation Date: Sun Mar 31 20:15:14 UTC 2024
******

Note: Compatibility modes selected: hs a


Circuit: *cicsimgen ac

option SCALE: Scale is set to 1e-06 for instance and model parameters
Doing analysis at TEMP = 27.000000 and TNOM = 27.000000

 Reference value :  0.00000e+00Using KLU as Direct Linear Solver
Note: Starting source stepping

No. of Data Rows : 1
v(vout) = 9.000000e-01
v(xdut.na) = 1.040031e+00
v(xdut.np2) = 1.401868e+00
v(xdut.nd1) = 5.549692e-01
v(xdut.nd2) = 5.535198e-01
v(xdut.ntail) = 3.380510e-01
Doing analysis at TEMP = 27.000000 and TNOM = 27.000000


No. of Data Rows : 901
dc_gain_db          =  7.390025e+01
fgbw                =  1.920040e+07
phase_ugf           =  -1.354310e+02
f3db                =  5.848340e+03
f_40db              =  2.903449e+05

================ OPEN-LOOP AC SUMMARY ================
dc_gain_db = 7.390025e+01
f3db = 5.848340e+03
fgbw = 1.920040e+07
phase_ugf = -1.35431e+02
pm = 4.456900e+01
f_40db = 2.903449e+05
mag_1 = 7.390025e+01
mag_10 = 7.389900e+01
mag_100 = 7.377569e+01
mag_1k = 6.797863e+01
mag_10k = 4.924639e+01
mag_100k = 2.923848e+01
mag_1m = 7.595921e+00
mag_10m = -1.37619e+01
ph_1 = -8.54730e-02
ph_10 = -9.76432e-01
ph_100 = -9.68427e+00
ph_1k = -5.96587e+01
ph_10k = -8.70301e+01
ph_100k = -9.35059e+01
ph_1m = -1.21640e+02
ph_10m = -1.75809e+02
ASCII raw file "ac_SchGtKssTtVt.raw"
ngspice-42 done
