Warning: Optran step size potentially too large.
ERROR: (external)  no graphics interface;
 please check if X-server is running,
 or ngspice is compiled properly (see INSTALL)
Warning: m=xx on .subckt line will override multiplier m hierarchy!

Using KLU as Direct Linear Solver
Note: Starting source stepping
******
** ngspice-42 : Circuit level simulation program
** Compiled with KLU Direct Linear Solver
** The U. C. Berkeley CAD Group
** Copyright 1985-1994, Regents of the University of California.
** Copyright 2001-2023, The ngspice team.
** Please get your ngspice manual from https://ngspice.sourceforge.io/docs.html
** Please file your bug-reports at http://ngspice.sourceforge.net/bugrep.html
** Creation Date: Sun Mar 31 20:15:14 UTC 2024
******

Note: Compatibility modes selected: hs a


Circuit: *cicsimgen ac

option SCALE: Scale is set to 1e-06 for instance and model parameters
Doing analysis at TEMP = 27.000000 and TNOM = 27.000000

 Reference value :  0.00000e+00Using KLU as Direct Linear Solver
Note: Starting source stepping

No. of Data Rows : 1
v(vout) = 9.000000e-01
v(xdut.na) = 1.226498e+00
v(xdut.np2) = 1.271655e+00
v(xdut.nd1) = 6.066135e-01
v(xdut.nd2) = 6.035274e-01
v(xdut.ntail) = 3.738211e-01
Doing analysis at TEMP = 27.000000 and TNOM = 27.000000


No. of Data Rows : 901
dc_gain_db          =  7.408654e+01
fgbw                =  1.836922e+07
phase_ugf           =  -1.337739e+02
f3db                =  5.964657e+03
f_40db              =  3.024796e+05

================ OPEN-LOOP AC SUMMARY ================
dc_gain_db = 7.408654e+01
f3db = 5.964657e+03
fgbw = 1.836922e+07
phase_ugf = -1.33774e+02
pm = 4.622610e+01
f_40db = 3.024796e+05
mag_1 = 7.408654e+01
mag_10 = 7.408534e+01
mag_100 = 7.396673e+01
mag_1k = 6.829158e+01
mag_10k = 4.960300e+01
mag_100k = 2.958181e+01
mag_1m = 7.270775e+00
mag_10m = -1.34250e+01
ph_1 = -8.38279e-02
ph_10 = -9.57474e-01
ph_100 = -9.49967e+00
ph_1k = -5.91711e+01
ph_10k = -8.70338e+01
ph_100k = -9.41925e+01
ph_1m = -1.23734e+02
ph_10m = -1.70195e+02
ASCII raw file "ac_SchGtKffTtVt.raw"
ngspice-42 done
