Warning: Optran step size potentially too large.
ERROR: (external)  no graphics interface;
 please check if X-server is running,
 or ngspice is compiled properly (see INSTALL)
Warning: m=xx on .subckt line will override multiplier m hierarchy!

Using KLU as Direct Linear Solver
Note: Starting source stepping
******
** ngspice-42 : Circuit level simulation program
** Compiled with KLU Direct Linear Solver
** The U. C. Berkeley CAD Group
** Copyright 1985-1994, Regents of the University of California.
** Copyright 2001-2023, The ngspice team.
** Please get your ngspice manual from https://ngspice.sourceforge.io/docs.html
** Please file your bug-reports at http://ngspice.sourceforge.net/bugrep.html
** Creation Date: Sun Mar 31 20:15:14 UTC 2024
******

Note: Compatibility modes selected: hs a


Circuit: *cicsimgen ac

option SCALE: Scale is set to 1e-06 for instance and model parameters
Doing analysis at TEMP = 125.000000 and TNOM = 27.000000

 Reference value :  0.00000e+00Using KLU as Direct Linear Solver
Note: Starting source stepping

No. of Data Rows : 1
v(vout) = 9.000000e-01
v(xdut.na) = 1.277512e+00
v(xdut.np2) = 1.217642e+00
v(xdut.nd1) = 6.111099e-01
v(xdut.nd2) = 6.067950e-01
v(xdut.ntail) = 4.004315e-01
Doing analysis at TEMP = 125.000000 and TNOM = 27.000000


No. of Data Rows : 901
dc_gain_db          =  6.734497e+01
fgbw                =  1.577524e+07
phase_ugf           =  -1.367921e+02
f3db                =  1.061662e+04
f_40db              =  2.476108e+05

================ OPEN-LOOP AC SUMMARY ================
dc_gain_db = 6.734497e+01
f3db = 1.061662e+04
fgbw = 1.577524e+07
phase_ugf = -1.36792e+02
pm = 4.320790e+01
f_40db = 2.476108e+05
mag_1 = 6.734497e+01
mag_10 = 6.734459e+01
mag_100 = 6.730679e+01
mag_1k = 6.459645e+01
mag_10k = 4.783602e+01
mag_100k = 2.784494e+01
mag_1m = 5.433031e+00
mag_10m = -1.49976e+01
ph_1 = -4.71428e-02
ph_10 = -5.38214e-01
ph_100 = -5.37322e+00
ph_1k = -4.32695e+01
ph_10k = -8.44307e+01
ph_100k = -9.44208e+01
ph_1m = -1.27468e+02
ph_10m = -1.88766e+02
ASCII raw file "ac_SchGtKttThVt.raw"
ngspice-42 done
