Warning: Optran step size potentially too large.
ERROR: (external)  no graphics interface;
 please check if X-server is running,
 or ngspice is compiled properly (see INSTALL)
Warning: m=xx on .subckt line will override multiplier m hierarchy!

Using KLU as Direct Linear Solver
Note: Starting source stepping
******
** ngspice-42 : Circuit level simulation program
** Compiled with KLU Direct Linear Solver
** The U. C. Berkeley CAD Group
** Copyright 1985-1994, Regents of the University of California.
** Copyright 2001-2023, The ngspice team.
** Please get your ngspice manual from https://ngspice.sourceforge.io/docs.html
** Please file your bug-reports at http://ngspice.sourceforge.net/bugrep.html
** Creation Date: Sun Mar 31 20:15:14 UTC 2024
******

Note: Compatibility modes selected: hs a


Circuit: *cicsimgen ac

option SCALE: Scale is set to 1e-06 for instance and model parameters
Doing analysis at TEMP = 125.000000 and TNOM = 27.000000

 Reference value :  0.00000e+00Using KLU as Direct Linear Solver
Note: Starting source stepping

No. of Data Rows : 1
v(vout) = 9.000000e-01
v(xdut.na) = 1.408274e+00
v(xdut.np2) = 1.136442e+00
v(xdut.nd1) = 5.756841e-01
v(xdut.nd2) = 5.708701e-01
v(xdut.ntail) = 3.748668e-01
Doing analysis at TEMP = 125.000000 and TNOM = 27.000000


No. of Data Rows : 901
dc_gain_db          =  6.488405e+01
fgbw                =  1.456196e+07
phase_ugf           =  -1.360837e+02
f3db                =  1.374390e+04
f_40db              =  2.412600e+05

================ OPEN-LOOP AC SUMMARY ================
dc_gain_db = 6.488405e+01
f3db = 1.374390e+04
fgbw = 1.456196e+07
phase_ugf = -1.36084e+02
pm = 4.391630e+01
f_40db = 2.412600e+05
mag_1 = 6.488405e+01
mag_10 = 6.488382e+01
mag_100 = 6.486123e+01
mag_1k = 6.304598e+01
mag_10k = 4.758465e+01
mag_100k = 2.760675e+01
mag_1m = 4.534273e+00
mag_10m = -1.56605e+01
ph_1 = -3.64574e-02
ph_10 = -4.15957e-01
ph_100 = -4.15750e+00
ph_1k = -3.60339e+01
ph_10k = -8.27482e+01
ph_100k = -9.50957e+01
ph_1m = -1.29496e+02
ph_10m = -1.91942e+02
ASCII raw file "ac_SchGtKfsThVt.raw"
ngspice-42 done
