Warning: Optran step size potentially too large.
ERROR: (external)  no graphics interface;
 please check if X-server is running,
 or ngspice is compiled properly (see INSTALL)
Warning: m=xx on .subckt line will override multiplier m hierarchy!

Using KLU as Direct Linear Solver
Note: Starting source stepping
******
** ngspice-42 : Circuit level simulation program
** Compiled with KLU Direct Linear Solver
** The U. C. Berkeley CAD Group
** Copyright 1985-1994, Regents of the University of California.
** Copyright 2001-2023, The ngspice team.
** Please get your ngspice manual from https://ngspice.sourceforge.io/docs.html
** Please file your bug-reports at http://ngspice.sourceforge.net/bugrep.html
** Creation Date: Sun Mar 31 20:15:14 UTC 2024
******

Note: Compatibility modes selected: hs a


Circuit: *cicsimgen ac

option SCALE: Scale is set to 1e-06 for instance and model parameters
Doing analysis at TEMP = -40.000000 and TNOM = 27.000000

 Reference value :  0.00000e+00Using KLU as Direct Linear Solver
Note: Starting source stepping

No. of Data Rows : 1
v(vout) = 9.000000e-01
v(xdut.na) = 1.035111e+00
v(xdut.np2) = 1.419056e+00
v(xdut.nd1) = 5.550115e-01
v(xdut.nd2) = 5.538315e-01
v(xdut.ntail) = 3.201427e-01
Doing analysis at TEMP = -40.000000 and TNOM = 27.000000


No. of Data Rows : 901
dc_gain_db          =  7.676301e+01
fgbw                =  2.250605e+07
phase_ugf           =  -1.346419e+02
f3db                =  5.061465e+03
f_40db              =  3.493972e+05

================ OPEN-LOOP AC SUMMARY ================
dc_gain_db = 7.676301e+01
f3db = 5.061465e+03
fgbw = 2.250605e+07
phase_ugf = -1.34642e+02
pm = 4.535810e+01
f_40db = 3.493972e+05
mag_1 = 7.676301e+01
mag_10 = 7.676134e+01
mag_100 = 7.659750e+01
mag_1k = 6.987440e+01
mag_10k = 5.085779e+01
mag_100k = 3.084982e+01
mag_1m = 9.407693e+00
mag_10m = -1.25430e+01
ph_1 = -9.87400e-02
ph_10 = -1.12809e+00
ph_100 = -1.11535e+01
ph_1k = -6.31333e+01
ph_10k = -8.74380e+01
ph_100k = -9.31263e+01
ph_1m = -1.18736e+02
ph_10m = -1.66130e+02
ASCII raw file "ac_SchGtKttTlVt.raw"
ngspice-42 done
