Warning: Optran step size potentially too large.
ERROR: (external)  no graphics interface;
 please check if X-server is running,
 or ngspice is compiled properly (see INSTALL)
Warning: m=xx on .subckt line will override multiplier m hierarchy!

Using KLU as Direct Linear Solver
Note: Starting source stepping
Warning: source stepping failed
Note: Transient op started
Note: Transient op finished successfully
******
** ngspice-42 : Circuit level simulation program
** Compiled with KLU Direct Linear Solver
** The U. C. Berkeley CAD Group
** Copyright 1985-1994, Regents of the University of California.
** Copyright 2001-2023, The ngspice team.
** Please get your ngspice manual from https://ngspice.sourceforge.io/docs.html
** Please file your bug-reports at http://ngspice.sourceforge.net/bugrep.html
** Creation Date: Sun Mar 31 20:15:14 UTC 2024
******

Note: Compatibility modes selected: hs a


Circuit: *cicsimgen ac

option SCALE: Scale is set to 1e-06 for instance and model parameters
Doing analysis at TEMP = 125.000000 and TNOM = 27.000000

 Reference value :  0.00000e+00Using KLU as Direct Linear Solver
Note: Starting source stepping
Warning: source stepping failed
Note: Transient op started
Note: Transient op finished successfully

No. of Data Rows : 1
v(vout) = 2.085227e-01
v(xdut.na) = 1.729001e+00
v(xdut.np2) = 8.602379e-01
v(xdut.nd1) = 5.077550e-01
v(xdut.nd2) = 2.613824e-01
v(xdut.ntail) = 3.128147e-01
Doing analysis at TEMP = 125.000000 and TNOM = 27.000000


No. of Data Rows : 901
dc_gain_db          =  -1.538431e+01

Error: measure  fgbw  when(WHEN) : out of interval
 meas ac fgbw when mag_db=0 cross=1 failed!


Error: measure  phase_ugf  find(AT) : out of interval
Warning from checkvalid: vector phase_ugf is not available or has zero length.
Error: RHS "phase_ugf + 180" invalid
 meas ac phase_ugf find ph_deg when mag_db=0 cross=1 failed!

f3db                =  2.666722e+08

Error: measure  f_40db  when(WHEN) : out of interval
Warning from checkvalid: vector fgbw is not available or has zero length.
Warning from checkvalid: vector phase_ugf is not available or has zero length.
Warning from checkvalid: vector pm is not available or has zero length.
Warning from checkvalid: vector f_40db is not available or has zero length.
 meas ac f_40db when mag_db=40 cross=1 failed!


================ OPEN-LOOP AC SUMMARY ================
dc_gain_db = -1.53843e+01
f3db = 2.666722e+08
mag_1 = -1.53843e+01
mag_10 = -1.53843e+01
mag_100 = -1.53843e+01
mag_1k = -1.53842e+01
mag_10k = -1.53739e+01
mag_100k = -1.47749e+01
mag_1m = -1.43302e+01
mag_10m = -1.54764e+01
ph_1 = -9.18832e-06
ph_10 = -1.02485e-04
ph_100 = -1.02591e-03
ph_1k = -1.02651e-02
ph_10k = -1.08466e-01
ph_100k = -4.45123e+00
ph_1m = -7.74457e+01
ph_10m = -1.88644e+02
ASCII raw file "ac_SchGtKffThVt.raw"
ngspice-42 done
