Warning: Optran step size potentially too large.
ERROR: (external)  no graphics interface;
 please check if X-server is running,
 or ngspice is compiled properly (see INSTALL)
Warning: m=xx on .subckt line will override multiplier m hierarchy!

Using KLU as Direct Linear Solver
Note: Starting source stepping
******
** ngspice-42 : Circuit level simulation program
** Compiled with KLU Direct Linear Solver
** The U. C. Berkeley CAD Group
** Copyright 1985-1994, Regents of the University of California.
** Copyright 2001-2023, The ngspice team.
** Please get your ngspice manual from https://ngspice.sourceforge.io/docs.html
** Please file your bug-reports at http://ngspice.sourceforge.net/bugrep.html
** Creation Date: Sun Mar 31 20:15:14 UTC 2024
******

Note: Compatibility modes selected: hs a


Circuit: *cicsimgen ac

option SCALE: Scale is set to 1e-06 for instance and model parameters
Doing analysis at TEMP = 27.000000 and TNOM = 27.000000

 Reference value :  0.00000e+00Using KLU as Direct Linear Solver
Note: Starting source stepping

No. of Data Rows : 1
v(vout) = 9.000000e-01
v(xdut.na) = 1.132852e+00
v(xdut.np2) = 1.336245e+00
v(xdut.nd1) = 5.808134e-01
v(xdut.nd2) = 5.785278e-01
v(xdut.ntail) = 3.557819e-01
Doing analysis at TEMP = 27.000000 and TNOM = 27.000000


No. of Data Rows : 901
dc_gain_db          =  7.439717e+01
fgbw                =  1.889598e+07
phase_ugf           =  -1.347456e+02
f3db                =  5.647029e+03
f_40db              =  2.968431e+05

================ OPEN-LOOP AC SUMMARY ================
dc_gain_db = 7.439717e+01
f3db = 5.647029e+03
fgbw = 1.889598e+07
phase_ugf = -1.34746e+02
pm = 4.525440e+01
f_40db = 2.968431e+05
mag_1 = 7.439717e+01
mag_10 = 7.439583e+01
mag_100 = 7.426371e+01
mag_1k = 6.824710e+01
mag_10k = 4.944000e+01
mag_100k = 2.942587e+01
mag_1m = 7.510606e+00
mag_10m = -1.35804e+01
ph_1 = -8.85238e-02
ph_10 = -1.01125e+00
ph_100 = -1.00228e+01
ph_1k = -6.05295e+01
ph_10k = -8.71731e+01
ph_100k = -9.37912e+01
ph_1m = -1.22558e+02
ph_10m = -1.73003e+02
ASCII raw file "ac_SchGtKttTtVt.raw"
ngspice-42 done
