Warning: Optran step size potentially too large.
ERROR: (external)  no graphics interface;
 please check if X-server is running,
 or ngspice is compiled properly (see INSTALL)
Warning: m=xx on .subckt line will override multiplier m hierarchy!

Using KLU as Direct Linear Solver
Note: Starting source stepping
******
** ngspice-42 : Circuit level simulation program
** Compiled with KLU Direct Linear Solver
** The U. C. Berkeley CAD Group
** Copyright 1985-1994, Regents of the University of California.
** Copyright 2001-2023, The ngspice team.
** Please get your ngspice manual from https://ngspice.sourceforge.io/docs.html
** Please file your bug-reports at http://ngspice.sourceforge.net/bugrep.html
** Creation Date: Sun Mar 31 20:15:14 UTC 2024
******

Note: Compatibility modes selected: hs a


Circuit: *cicsimgen ac

option SCALE: Scale is set to 1e-06 for instance and model parameters
Doing analysis at TEMP = 125.000000 and TNOM = 27.000000

 Reference value :  0.00000e+00Using KLU as Direct Linear Solver
Note: Starting source stepping

No. of Data Rows : 1
v(vout) = 9.000000e-01
v(xdut.na) = 1.186256e+00
v(xdut.np2) = 1.279515e+00
v(xdut.nd1) = 5.834733e-01
v(xdut.nd2) = 5.800904e-01
v(xdut.ntail) = 3.819076e-01
Doing analysis at TEMP = 125.000000 and TNOM = 27.000000


No. of Data Rows : 901
dc_gain_db          =  6.795805e+01
fgbw                =  1.596719e+07
phase_ugf           =  -1.380743e+02
f3db                =  9.668469e+03
f_40db              =  2.420323e+05

================ OPEN-LOOP AC SUMMARY ================
dc_gain_db = 6.795805e+01
f3db = 9.668469e+03
fgbw = 1.596719e+07
phase_ugf = -1.38074e+02
pm = 4.192570e+01
f_40db = 2.420323e+05
mag_1 = 6.795805e+01
mag_10 = 6.795759e+01
mag_100 = 6.791206e+01
mag_1k = 6.480951e+01
mag_10k = 4.764490e+01
mag_100k = 2.765233e+01
mag_1m = 5.525201e+00
mag_10m = -1.53959e+01
ph_1 = -5.17480e-02
ph_10 = -5.90916e-01
ph_100 = -5.89587e+00
ph_1k = -4.59457e+01
ph_10k = -8.49441e+01
ph_100k = -9.42248e+01
ph_1m = -1.27311e+02
ph_10m = -1.93470e+02
ASCII raw file "ac_SchGtKssThVt.raw"
ngspice-42 done
