[32mAvailable replacements {cic(runsim|runmeas|corner|index|testbench|pyscript|rundir|sha|shas|oldsha|name|oname)}[0m
[32mReplacing {VCM} = 0.9[0m
[32mReplacing {cicname} = ac_SchGtKffTlVt[0m
[32mRunning ac_SchGtKffTlVt[0m
Warning: Optran step size potentially too large.
ERROR: (external)  no graphics interface;
 please check if X-server is running,
 or ngspice is compiled properly (see INSTALL)
Warning: m=xx on .subckt line will override multiplier m hierarchy!

Using KLU as Direct Linear Solver
Note: Starting source stepping
******
** ngspice-42 : Circuit level simulation program
** Compiled with KLU Direct Linear Solver
** The U. C. Berkeley CAD Group
** Copyright 1985-1994, Regents of the University of California.
** Copyright 2001-2023, The ngspice team.
** Please get your ngspice manual from https://ngspice.sourceforge.io/docs.html
** Please file your bug-reports at http://ngspice.sourceforge.net/bugrep.html
** Creation Date: Sun Mar 31 20:15:14 UTC 2024
******

Note: Compatibility modes selected: hs a


Circuit: *cicsimgen ac

option SCALE: Scale is set to 1e-06 for instance and model parameters
Doing analysis at TEMP = -40.000000 and TNOM = 27.000000

 Reference value :  0.00000e+00Using KLU as Direct Linear Solver
Note: Starting source stepping

No. of Data Rows : 1
v(vout) = 9.000000e-01
v(xdut.na) = 9.441157e-01
v(xdut.np2) = 1.351733e+00
v(xdut.nd1) = 5.781222e-01
v(xdut.nd2) = 5.776673e-01
v(xdut.ntail) = 3.375654e-01
Doing analysis at TEMP = -40.000000 and TNOM = 27.000000


No. of Data Rows : 901
dc_gain_db          =  7.500264e+01
fgbw                =  2.667037e+07
phase_ugf           =  -1.379098e+02
f3db                =  6.257445e+03
f_40db              =  3.527558e+05

================ OPEN-LOOP AC SUMMARY ================
dc_gain_db = 7.500264e+01
f3db = 6.257445e+03
fgbw = 2.667037e+07
phase_ugf = -1.37910e+02
pm = 4.209020e+01
f_40db = 3.527558e+05
mag_1 = 7.500264e+01
mag_10 = 7.500155e+01
mag_100 = 7.489364e+01
mag_1k = 6.951038e+01
mag_10k = 5.093408e+01
mag_100k = 3.094478e+01
mag_1m = 1.039176e+01
mag_10m = -1.21202e+01
ph_1 = -7.98701e-02
ph_10 = -9.12486e-01
ph_100 = -9.06078e+00
ph_1k = -5.79269e+01
ph_10k = -8.66523e+01
ph_100k = -9.20525e+01
ph_1m = -1.12736e+02
ph_10m = -1.72362e+02
ASCII raw file "ac_SchGtKffTlVt.raw"
ngspice-42 done
[32mCorner simulation time: 0:00:01.230842[0m
Warning: Optran step size potentially too large.
ac_SchGtKffTlVt.meas: No such file or directory
[32mWriting output_ac/ac_SchGtKffTlVt.yaml[0m
[32mTotal simulation time: 0:00:01.251032[0m
| name            | time                     | type   |
|-----------------|--------------------------|--------|
| ac_SchGtKffTlVt | Wed May 13 22:27:46 2026 | Sch    |
