[32mAvailable replacements {cic(runsim|runmeas|corner|index|testbench|pyscript|rundir|sha|shas|oldsha|name|oname)}[0m
[32mReplacing {VCM} = 0.9[0m
[32mReplacing {cicname} = ac_SchGtKffTtVt[0m
[32mRunning ac_SchGtKffTtVt[0m
Warning: Optran step size potentially too large.
ERROR: (external)  no graphics interface;
 please check if X-server is running,
 or ngspice is compiled properly (see INSTALL)
Warning: m=xx on .subckt line will override multiplier m hierarchy!

Using KLU as Direct Linear Solver
Note: Starting source stepping
******
** ngspice-42 : Circuit level simulation program
** Compiled with KLU Direct Linear Solver
** The U. C. Berkeley CAD Group
** Copyright 1985-1994, Regents of the University of California.
** Copyright 2001-2023, The ngspice team.
** Please get your ngspice manual from https://ngspice.sourceforge.io/docs.html
** Please file your bug-reports at http://ngspice.sourceforge.net/bugrep.html
** Creation Date: Sun Mar 31 20:15:14 UTC 2024
******

Note: Compatibility modes selected: hs a


Circuit: *cicsimgen ac

option SCALE: Scale is set to 1e-06 for instance and model parameters
Doing analysis at TEMP = 27.000000 and TNOM = 27.000000

 Reference value :  0.00000e+00Using KLU as Direct Linear Solver
Note: Starting source stepping

No. of Data Rows : 1
v(vout) = 9.000000e-01
v(xdut.na) = 1.008738e+00
v(xdut.np2) = 1.270906e+00
v(xdut.nd1) = 6.048457e-01
v(xdut.nd2) = 6.035187e-01
v(xdut.ntail) = 3.738147e-01
Doing analysis at TEMP = 27.000000 and TNOM = 27.000000


No. of Data Rows : 901
dc_gain_db          =  7.199925e+01
fgbw                =  2.265787e+07
phase_ugf           =  -1.379184e+02
f3db                =  7.516711e+03
f_40db              =  2.998268e+05

================ OPEN-LOOP AC SUMMARY ================
dc_gain_db = 7.199925e+01
f3db = 7.516711e+03
fgbw = 2.265787e+07
phase_ugf = -1.37918e+02
pm = 4.208160e+01
f_40db = 2.998268e+05
mag_1 = 7.199925e+01
mag_10 = 7.199850e+01
mag_100 = 7.192343e+01
mag_1k = 6.758780e+01
mag_10k = 4.951575e+01
mag_100k = 2.953165e+01
mag_1m = 8.802966e+00
mag_10m = -1.32712e+01
ph_1 = -6.65099e-02
ph_10 = -7.59721e-01
ph_100 = -7.56294e+00
ph_1k = -5.30318e+01
ph_10k = -8.59733e+01
ph_100k = -9.23872e+01
ph_1m = -1.16103e+02
ph_10m = -1.78204e+02
ASCII raw file "ac_SchGtKffTtVt.raw"
ngspice-42 done
[32mCorner simulation time: 0:00:01.222143[0m
Warning: Optran step size potentially too large.
ac_SchGtKffTtVt.meas: No such file or directory
[32mWriting output_ac/ac_SchGtKffTtVt.yaml[0m
[32mTotal simulation time: 0:00:01.242964[0m
| name            | time                     | type   |
|-----------------|--------------------------|--------|
| ac_SchGtKffTtVt | Wed May 13 22:27:44 2026 | Sch    |
