[32mAvailable replacements {cic(runsim|runmeas|corner|index|testbench|pyscript|rundir|sha|shas|oldsha|name|oname)}[0m
[32mReplacing {VCM} = 0.9[0m
[32mReplacing {cicname} = ac_SchGtKffThVt[0m
[32mRunning ac_SchGtKffThVt[0m
Warning: Optran step size potentially too large.
ERROR: (external)  no graphics interface;
 please check if X-server is running,
 or ngspice is compiled properly (see INSTALL)
Warning: m=xx on .subckt line will override multiplier m hierarchy!

Using KLU as Direct Linear Solver
Note: Starting source stepping
******
** ngspice-42 : Circuit level simulation program
** Compiled with KLU Direct Linear Solver
** The U. C. Berkeley CAD Group
** Copyright 1985-1994, Regents of the University of California.
** Copyright 2001-2023, The ngspice team.
** Please get your ngspice manual from https://ngspice.sourceforge.io/docs.html
** Please file your bug-reports at http://ngspice.sourceforge.net/bugrep.html
** Creation Date: Sun Mar 31 20:15:14 UTC 2024
******

Note: Compatibility modes selected: hs a


Circuit: *cicsimgen ac

option SCALE: Scale is set to 1e-06 for instance and model parameters
Doing analysis at TEMP = 125.000000 and TNOM = 27.000000

 Reference value :  0.00000e+00Using KLU as Direct Linear Solver
Note: Starting source stepping

No. of Data Rows : 1
v(vout) = 9.000000e-01
v(xdut.na) = 1.112649e+00
v(xdut.np2) = 1.158017e+00
v(xdut.nd1) = 6.364075e-01
v(xdut.nd2) = 6.331733e-01
v(xdut.ntail) = 4.192091e-01
Doing analysis at TEMP = 125.000000 and TNOM = 27.000000


No. of Data Rows : 901
dc_gain_db          =  6.340398e+01
fgbw                =  1.898812e+07
phase_ugf           =  -1.396110e+02
f3db                =  1.687232e+04
f_40db              =  2.496875e+05

================ OPEN-LOOP AC SUMMARY ================
dc_gain_db = 6.340398e+01
f3db = 1.687232e+04
fgbw = 1.898812e+07
phase_ugf = -1.39611e+02
pm = 4.038900e+01
f_40db = 2.496875e+05
mag_1 = 6.340398e+01
mag_10 = 6.340383e+01
mag_100 = 6.338882e+01
mag_1k = 6.210189e+01
mag_10k = 4.784551e+01
mag_100k = 2.795513e+01
mag_1m = 7.000612e+00
mag_10m = -1.46841e+01
ph_1 = -2.96804e-02
ph_10 = -3.38694e-01
ph_100 = -3.38723e+00
ph_1k = -3.06293e+01
ph_10k = -8.07434e+01
ph_100k = -9.24542e+01
ph_1m = -1.20987e+02
ph_10m = -1.91552e+02
ASCII raw file "ac_SchGtKffThVt.raw"
ngspice-42 done
[32mCorner simulation time: 0:00:01.206324[0m
Warning: Optran step size potentially too large.
ac_SchGtKffThVt.meas: No such file or directory
[32mWriting output_ac/ac_SchGtKffThVt.yaml[0m
[32mTotal simulation time: 0:00:01.229491[0m
| name            | time                     | type   |
|-----------------|--------------------------|--------|
| ac_SchGtKffThVt | Wed May 13 22:27:48 2026 | Sch    |
