[32mAvailable replacements {cic(runsim|runmeas|corner|index|testbench|pyscript|rundir|sha|shas|oldsha|name|oname)}[0m
[32mReplacing {VCM} = 0.9[0m
[32mReplacing {cicname} = ac_SchGtKfsThVt[0m
[32mRunning ac_SchGtKfsThVt[0m
Warning: Optran step size potentially too large.
ERROR: (external)  no graphics interface;
 please check if X-server is running,
 or ngspice is compiled properly (see INSTALL)
Warning: m=xx on .subckt line will override multiplier m hierarchy!

Using KLU as Direct Linear Solver
Note: Starting source stepping
******
** ngspice-42 : Circuit level simulation program
** Compiled with KLU Direct Linear Solver
** The U. C. Berkeley CAD Group
** Copyright 1985-1994, Regents of the University of California.
** Copyright 2001-2023, The ngspice team.
** Please get your ngspice manual from https://ngspice.sourceforge.io/docs.html
** Please file your bug-reports at http://ngspice.sourceforge.net/bugrep.html
** Creation Date: Sun Mar 31 20:15:14 UTC 2024
******

Note: Compatibility modes selected: hs a


Circuit: *cicsimgen ac

option SCALE: Scale is set to 1e-06 for instance and model parameters
Doing analysis at TEMP = 125.000000 and TNOM = 27.000000

 Reference value :  0.00000e+00Using KLU as Direct Linear Solver
Note: Starting source stepping

No. of Data Rows : 1
v(vout) = 9.000000e-01
v(xdut.na) = 1.140222e+00
v(xdut.np2) = 1.134830e+00
v(xdut.nd1) = 5.737615e-01
v(xdut.nd2) = 5.708543e-01
v(xdut.ntail) = 3.748554e-01
Doing analysis at TEMP = 125.000000 and TNOM = 27.000000


No. of Data Rows : 901
dc_gain_db          =  6.226679e+01
fgbw                =  1.802914e+07
phase_ugf           =  -1.406329e+02
f3db                =  1.841155e+04
f_40db              =  2.388624e+05

================ OPEN-LOOP AC SUMMARY ================
dc_gain_db = 6.226679e+01
f3db = 1.841155e+04
fgbw = 1.802914e+07
phase_ugf = -1.40633e+02
pm = 3.936710e+01
f_40db = 2.388624e+05
mag_1 = 6.226679e+01
mag_10 = 6.226667e+01
mag_100 = 6.225406e+01
mag_1k = 6.114879e+01
mag_10k = 4.744364e+01
mag_100k = 2.757436e+01
mag_1m = 6.506973e+00
mag_10m = -1.56689e+01
ph_1 = -2.72056e-02
ph_10 = -3.10434e-01
ph_100 = -3.10517e+00
ph_1k = -2.84878e+01
ph_10k = -7.99112e+01
ph_100k = -9.26147e+01
ph_1m = -1.22945e+02
ph_10m = -1.98799e+02
ASCII raw file "ac_SchGtKfsThVt.raw"
ngspice-42 done
[32mCorner simulation time: 0:00:01.458676[0m
Warning: Optran step size potentially too large.
ac_SchGtKfsThVt.meas: No such file or directory
[32mWriting output_ac/ac_SchGtKfsThVt.yaml[0m
[32mTotal simulation time: 0:00:01.478883[0m
| name            | time                     | type   |
|-----------------|--------------------------|--------|
| ac_SchGtKfsThVt | Wed May 13 22:28:00 2026 | Sch    |
