[32mAvailable replacements {cic(runsim|runmeas|corner|index|testbench|pyscript|rundir|sha|shas|oldsha|name|oname)}[0m
[32mReplacing {VCM} = 0.9[0m
[32mReplacing {cicname} = ac_SchGtKsfTlVt[0m
[32mRunning ac_SchGtKsfTlVt[0m
Warning: Optran step size potentially too large.
ERROR: (external)  no graphics interface;
 please check if X-server is running,
 or ngspice is compiled properly (see INSTALL)
Warning: m=xx on .subckt line will override multiplier m hierarchy!

Using KLU as Direct Linear Solver
Note: Starting source stepping
******
** ngspice-42 : Circuit level simulation program
** Compiled with KLU Direct Linear Solver
** The U. C. Berkeley CAD Group
** Copyright 1985-1994, Regents of the University of California.
** Copyright 2001-2023, The ngspice team.
** Please get your ngspice manual from https://ngspice.sourceforge.io/docs.html
** Please file your bug-reports at http://ngspice.sourceforge.net/bugrep.html
** Creation Date: Sun Mar 31 20:15:14 UTC 2024
******

Note: Compatibility modes selected: hs a


Circuit: *cicsimgen ac

option SCALE: Scale is set to 1e-06 for instance and model parameters
Doing analysis at TEMP = -40.000000 and TNOM = 27.000000

 Reference value :  0.00000e+00Using KLU as Direct Linear Solver
Note: Starting source stepping

No. of Data Rows : 1
v(vout) = 9.000000e-01
v(xdut.na) = 7.385041e-01
v(xdut.np2) = 1.515315e+00
v(xdut.nd1) = 5.837009e-01
v(xdut.nd2) = 5.869953e-01
v(xdut.ntail) = 3.447636e-01
Doing analysis at TEMP = -40.000000 and TNOM = 27.000000


No. of Data Rows : 901
dc_gain_db          =  6.652295e+01
fgbw                =  2.753491e+07
phase_ugf           =  -1.358803e+02
f3db                =  1.575535e+04
f_40db              =  3.342951e+05

================ OPEN-LOOP AC SUMMARY ================
dc_gain_db = 6.652295e+01
f3db = 1.575535e+04
fgbw = 2.753491e+07
phase_ugf = -1.35880e+02
pm = 4.411970e+01
f_40db = 3.342951e+05
mag_1 = 6.652295e+01
mag_10 = 6.652277e+01
mag_100 = 6.650557e+01
mag_1k = 6.505875e+01
mag_10k = 5.038511e+01
mag_100k = 3.048739e+01
mag_1m = 1.015324e+01
mag_10m = -1.16821e+01
ph_1 = -3.17299e-02
ph_10 = -3.62541e-01
ph_100 = -3.62515e+00
ph_1k = -3.23626e+01
ph_10k = -8.12323e+01
ph_100k = -9.11627e+01
ph_1m = -1.09844e+02
ph_10m = -1.73797e+02
ASCII raw file "ac_SchGtKsfTlVt.raw"
ngspice-42 done
[32mCorner simulation time: 0:00:01.363750[0m
Warning: Optran step size potentially too large.
ac_SchGtKsfTlVt.meas: No such file or directory
[32mWriting output_ac/ac_SchGtKsfTlVt.yaml[0m
[32mTotal simulation time: 0:00:01.384570[0m
| name            | time                     | type   |
|-----------------|--------------------------|--------|
| ac_SchGtKsfTlVt | Wed May 13 22:27:52 2026 | Sch    |
