[32mAvailable replacements {cic(runsim|runmeas|corner|index|testbench|pyscript|rundir|sha|shas|oldsha|name|oname)}[0m
[32mReplacing {VCM} = 0.9[0m
[32mReplacing {cicname} = ac_SchGtKsfThVt[0m
[32mRunning ac_SchGtKsfThVt[0m
Warning: Optran step size potentially too large.
ERROR: (external)  no graphics interface;
 please check if X-server is running,
 or ngspice is compiled properly (see INSTALL)
Warning: m=xx on .subckt line will override multiplier m hierarchy!

Using KLU as Direct Linear Solver
Note: Starting source stepping
******
** ngspice-42 : Circuit level simulation program
** Compiled with KLU Direct Linear Solver
** The U. C. Berkeley CAD Group
** Copyright 1985-1994, Regents of the University of California.
** Copyright 2001-2023, The ngspice team.
** Please get your ngspice manual from https://ngspice.sourceforge.io/docs.html
** Please file your bug-reports at http://ngspice.sourceforge.net/bugrep.html
** Creation Date: Sun Mar 31 20:15:14 UTC 2024
******

Note: Compatibility modes selected: hs a


Circuit: *cicsimgen ac

option SCALE: Scale is set to 1e-06 for instance and model parameters
Doing analysis at TEMP = 125.000000 and TNOM = 27.000000

 Reference value :  0.00000e+00Using KLU as Direct Linear Solver
Note: Starting source stepping

No. of Data Rows : 1
v(vout) = 9.000000e-01
v(xdut.na) = 1.147904e+00
v(xdut.np2) = 1.306618e+00
v(xdut.nd1) = 6.462868e-01
v(xdut.nd2) = 6.425763e-01
v(xdut.ntail) = 4.264805e-01
Doing analysis at TEMP = 125.000000 and TNOM = 27.000000


No. of Data Rows : 901
dc_gain_db          =  6.746855e+01
fgbw                =  1.685017e+07
phase_ugf           =  -1.372267e+02
f3db                =  1.066223e+04
f_40db              =  2.522571e+05

================ OPEN-LOOP AC SUMMARY ================
dc_gain_db = 6.746855e+01
f3db = 1.066223e+04
fgbw = 1.685017e+07
phase_ugf = -1.37227e+02
pm = 4.277330e+01
f_40db = 2.522571e+05
mag_1 = 6.746855e+01
mag_10 = 6.746817e+01
mag_100 = 6.743070e+01
mag_1k = 6.473745e+01
mag_10k = 4.799653e+01
mag_100k = 2.801706e+01
mag_1m = 6.100408e+00
mag_10m = -1.44325e+01
ph_1 = -4.69319e-02
ph_10 = -5.35854e-01
ph_100 = -5.34979e+00
ph_1k = -4.31409e+01
ph_10k = -8.43443e+01
ph_100k = -9.38212e+01
ph_1m = -1.25397e+02
ph_10m = -1.86397e+02
ASCII raw file "ac_SchGtKsfThVt.raw"
ngspice-42 done
[32mCorner simulation time: 0:00:01.228232[0m
Warning: Optran step size potentially too large.
ac_SchGtKsfThVt.meas: No such file or directory
[32mWriting output_ac/ac_SchGtKsfThVt.yaml[0m
[32mTotal simulation time: 0:00:01.247788[0m
| name            | time                     | type   |
|-----------------|--------------------------|--------|
| ac_SchGtKsfThVt | Wed May 13 22:16:24 2026 | Sch    |
