[32mAvailable replacements {cic(runsim|runmeas|corner|index|testbench|pyscript|rundir|sha|shas|oldsha|name|oname)}[0m
[32mReplacing {VCM} = 0.9[0m
[32mReplacing {cicname} = ac_SchGtKsfTtVt[0m
[32mRunning ac_SchGtKsfTtVt[0m
Warning: Optran step size potentially too large.
ERROR: (external)  no graphics interface;
 please check if X-server is running,
 or ngspice is compiled properly (see INSTALL)
Warning: m=xx on .subckt line will override multiplier m hierarchy!

Using KLU as Direct Linear Solver
Note: Starting source stepping
******
** ngspice-42 : Circuit level simulation program
** Compiled with KLU Direct Linear Solver
** The U. C. Berkeley CAD Group
** Copyright 1985-1994, Regents of the University of California.
** Copyright 2001-2023, The ngspice team.
** Please get your ngspice manual from https://ngspice.sourceforge.io/docs.html
** Please file your bug-reports at http://ngspice.sourceforge.net/bugrep.html
** Creation Date: Sun Mar 31 20:15:14 UTC 2024
******

Note: Compatibility modes selected: hs a


Circuit: *cicsimgen ac

option SCALE: Scale is set to 1e-06 for instance and model parameters
Doing analysis at TEMP = 27.000000 and TNOM = 27.000000

 Reference value :  0.00000e+00Using KLU as Direct Linear Solver
Note: Starting source stepping

No. of Data Rows : 1
v(vout) = 9.000000e-01
v(xdut.na) = 8.089000e-01
v(xdut.np2) = 1.429805e+00
v(xdut.nd1) = 6.108386e-01
v(xdut.nd2) = 6.129099e-01
v(xdut.ntail) = 3.810561e-01
Doing analysis at TEMP = 27.000000 and TNOM = 27.000000


No. of Data Rows : 901
dc_gain_db          =  6.757439e+01
fgbw                =  2.366854e+07
phase_ugf           =  -1.368422e+02
f3db                =  1.213190e+04
f_40db              =  2.906050e+05

================ OPEN-LOOP AC SUMMARY ================
dc_gain_db = 6.757439e+01
f3db = 1.213190e+04
fgbw = 2.366854e+07
phase_ugf = -1.36842e+02
pm = 4.315780e+01
f_40db = 2.906050e+05
mag_1 = 6.757439e+01
mag_10 = 6.757410e+01
mag_100 = 6.754512e+01
mag_1k = 6.533111e+01
mag_10k = 4.920979e+01
mag_100k = 2.926776e+01
mag_1m = 8.805585e+00
mag_10m = -1.28985e+01
ph_1 = -4.12102e-02
ph_10 = -4.70795e-01
ph_100 = -4.70335e+00
ph_1k = -3.94556e+01
ph_10k = -8.33120e+01
ph_100k = -9.17576e+01
ph_1m = -1.13310e+02
ph_10m = -1.80269e+02
ASCII raw file "ac_SchGtKsfTtVt.raw"
ngspice-42 done
[32mCorner simulation time: 0:00:01.591352[0m
Warning: Optran step size potentially too large.
ac_SchGtKsfTtVt.meas: No such file or directory
[32mWriting output_ac/ac_SchGtKsfTtVt.yaml[0m
[32mTotal simulation time: 0:00:01.611497[0m
| name            | time                     | type   |
|-----------------|--------------------------|--------|
| ac_SchGtKsfTtVt | Wed May 13 22:27:50 2026 | Sch    |
