[32mAvailable replacements {cic(runsim|runmeas|corner|index|testbench|pyscript|rundir|sha|shas|oldsha|name|oname)}[0m
[32mReplacing {VCM} = 0.9[0m
[32mReplacing {cicname} = ac_SchGtKssTlVt[0m
[32mRunning ac_SchGtKssTlVt[0m
Warning: Optran step size potentially too large.
ERROR: (external)  no graphics interface;
 please check if X-server is running,
 or ngspice is compiled properly (see INSTALL)
Warning: m=xx on .subckt line will override multiplier m hierarchy!

Using KLU as Direct Linear Solver
Note: Starting source stepping
******
** ngspice-42 : Circuit level simulation program
** Compiled with KLU Direct Linear Solver
** The U. C. Berkeley CAD Group
** Copyright 1985-1994, Regents of the University of California.
** Copyright 2001-2023, The ngspice team.
** Please get your ngspice manual from https://ngspice.sourceforge.io/docs.html
** Please file your bug-reports at http://ngspice.sourceforge.net/bugrep.html
** Creation Date: Sun Mar 31 20:15:14 UTC 2024
******

Note: Compatibility modes selected: hs a


Circuit: *cicsimgen ac

option SCALE: Scale is set to 1e-06 for instance and model parameters
Doing analysis at TEMP = -40.000000 and TNOM = 27.000000

 Reference value :  0.00000e+00Using KLU as Direct Linear Solver
Note: Starting source stepping

No. of Data Rows : 1
v(vout) = 9.000000e-01
v(xdut.na) = 7.735190e-01
v(xdut.np2) = 1.484974e+00
v(xdut.nd1) = 5.285648e-01
v(xdut.nd2) = 5.301756e-01
v(xdut.ntail) = 3.030524e-01
Doing analysis at TEMP = -40.000000 and TNOM = 27.000000


No. of Data Rows : 901
dc_gain_db          =  6.872560e+01
fgbw                =  2.669756e+07
phase_ugf           =  -1.362361e+02
f3db                =  1.204413e+04
f_40db              =  3.294521e+05

================ OPEN-LOOP AC SUMMARY ================
dc_gain_db = 6.872560e+01
f3db = 1.204413e+04
fgbw = 2.669756e+07
phase_ugf = -1.36236e+02
pm = 4.376390e+01
f_40db = 3.294521e+05
mag_1 = 6.872560e+01
mag_10 = 6.872530e+01
mag_100 = 6.869591e+01
mag_1k = 6.645677e+01
mag_10k = 5.029885e+01
mag_100k = 3.035691e+01
mag_1m = 9.976349e+00
mag_10m = -1.22833e+01
ph_1 = -4.15016e-02
ph_10 = -4.74194e-01
ph_100 = -4.73716e+00
ph_1k = -3.96569e+01
ph_10k = -8.33320e+01
ph_100k = -9.14666e+01
ph_1m = -1.10672e+02
ph_10m = -1.75546e+02
ASCII raw file "ac_SchGtKssTlVt.raw"
ngspice-42 done
[32mCorner simulation time: 0:00:01.282952[0m
Warning: Optran step size potentially too large.
ac_SchGtKssTlVt.meas: No such file or directory
[32mWriting output_ac/ac_SchGtKssTlVt.yaml[0m
[32mTotal simulation time: 0:00:01.303383[0m
| name            | time                     | type   |
|-----------------|--------------------------|--------|
| ac_SchGtKssTlVt | Wed May 13 22:27:40 2026 | Sch    |
