[32mAvailable replacements {cic(runsim|runmeas|corner|index|testbench|pyscript|rundir|sha|shas|oldsha|name|oname)}[0m
[32mReplacing {VCM} = 0.9[0m
[32mReplacing {cicname} = ac_SchGtKssTtVt[0m
[32mRunning ac_SchGtKssTtVt[0m
Warning: Optran step size potentially too large.
ERROR: (external)  no graphics interface;
 please check if X-server is running,
 or ngspice is compiled properly (see INSTALL)
Warning: m=xx on .subckt line will override multiplier m hierarchy!

Using KLU as Direct Linear Solver
Note: Starting source stepping
******
** ngspice-42 : Circuit level simulation program
** Compiled with KLU Direct Linear Solver
** The U. C. Berkeley CAD Group
** Copyright 1985-1994, Regents of the University of California.
** Copyright 2001-2023, The ngspice team.
** Please get your ngspice manual from https://ngspice.sourceforge.io/docs.html
** Please file your bug-reports at http://ngspice.sourceforge.net/bugrep.html
** Creation Date: Sun Mar 31 20:15:14 UTC 2024
******

Note: Compatibility modes selected: hs a


Circuit: *cicsimgen ac

option SCALE: Scale is set to 1e-06 for instance and model parameters
Doing analysis at TEMP = 27.000000 and TNOM = 27.000000

 Reference value :  0.00000e+00Using KLU as Direct Linear Solver
Note: Starting source stepping

No. of Data Rows : 1
v(vout) = 9.000000e-01
v(xdut.na) = 8.415882e-01
v(xdut.np2) = 1.400671e+00
v(xdut.nd1) = 5.526499e-01
v(xdut.nd2) = 5.535070e-01
v(xdut.ntail) = 3.380417e-01
Doing analysis at TEMP = 27.000000 and TNOM = 27.000000


No. of Data Rows : 901
dc_gain_db          =  6.896534e+01
fgbw                =  2.275027e+07
phase_ugf           =  -1.372640e+02
f3db                =  1.006305e+04
f_40db              =  2.829726e+05

================ OPEN-LOOP AC SUMMARY ================
dc_gain_db = 6.896534e+01
f3db = 1.006305e+04
fgbw = 2.275027e+07
phase_ugf = -1.37264e+02
pm = 4.273600e+01
f_40db = 2.829726e+05
mag_1 = 6.896534e+01
mag_10 = 6.896492e+01
mag_100 = 6.892287e+01
mag_1k = 6.599248e+01
mag_10k = 4.899652e+01
mag_100k = 2.903417e+01
mag_1m = 8.509581e+00
mag_10m = -1.35639e+01
ph_1 = -4.96775e-02
ph_10 = -5.67543e-01
ph_100 = -5.66420e+00
ph_1k = -4.47778e+01
ph_10k = -8.44985e+01
ph_100k = -9.20047e+01
ph_1m = -1.14430e+02
ph_10m = -1.83456e+02
ASCII raw file "ac_SchGtKssTtVt.raw"
ngspice-42 done
[32mCorner simulation time: 0:00:01.244286[0m
Warning: Optran step size potentially too large.
ac_SchGtKssTtVt.meas: No such file or directory
[32mWriting output_ac/ac_SchGtKssTtVt.yaml[0m
[32mTotal simulation time: 0:00:01.264728[0m
| name            | time                     | type   |
|-----------------|--------------------------|--------|
| ac_SchGtKssTtVt | Wed May 13 22:27:38 2026 | Sch    |
