[32mAvailable replacements {cic(runsim|runmeas|corner|index|testbench|pyscript|rundir|sha|shas|oldsha|name|oname)}[0m
[32mReplacing {VCM} = 0.9[0m
[32mReplacing {cicname} = ac_SchGtKttTtVt[0m
[32mRunning ac_SchGtKttTtVt[0m
Warning: Optran step size potentially too large.
ERROR: (external)  no graphics interface;
 please check if X-server is running,
 or ngspice is compiled properly (see INSTALL)
Warning: m=xx on .subckt line will override multiplier m hierarchy!

Using KLU as Direct Linear Solver
Note: Starting source stepping
******
** ngspice-42 : Circuit level simulation program
** Compiled with KLU Direct Linear Solver
** The U. C. Berkeley CAD Group
** Copyright 1985-1994, Regents of the University of California.
** Copyright 2001-2023, The ngspice team.
** Please get your ngspice manual from https://ngspice.sourceforge.io/docs.html
** Please file your bug-reports at http://ngspice.sourceforge.net/bugrep.html
** Creation Date: Sun Mar 31 20:15:14 UTC 2024
******

Note: Compatibility modes selected: hs a


Circuit: *cicsimgen ac

option SCALE: Scale is set to 1e-06 for instance and model parameters
Doing analysis at TEMP = 27.000000 and TNOM = 27.000000

 Reference value :  0.00000e+00Using KLU as Direct Linear Solver
Note: Starting source stepping

No. of Data Rows : 1
v(vout) = 9.000000e-01
v(xdut.na) = 9.264285e-01
v(xdut.np2) = 1.335417e+00
v(xdut.nd1) = 5.788638e-01
v(xdut.nd2) = 5.785177e-01
v(xdut.ntail) = 3.557745e-01
Doing analysis at TEMP = 27.000000 and TNOM = 27.000000


No. of Data Rows : 901
dc_gain_db          =  7.127818e+01
fgbw                =  2.288170e+07
phase_ugf           =  -1.377648e+02
f3db                =  7.974092e+03
f_40db              =  2.927223e+05

================ OPEN-LOOP AC SUMMARY ================
dc_gain_db = 7.127818e+01
f3db = 7.974092e+03
fgbw = 2.288170e+07
phase_ugf = -1.37765e+02
pm = 4.223520e+01
f_40db = 2.927223e+05
mag_1 = 7.127818e+01
mag_10 = 7.127751e+01
mag_100 = 7.121074e+01
mag_1k = 6.718693e+01
mag_10k = 4.930469e+01
mag_100k = 2.932521e+01
mag_1m = 8.720120e+00
mag_10m = -1.33881e+01
ph_1 = -6.26871e-02
ph_10 = -7.16149e-01
ph_100 = -7.13375e+00
ph_1k = -5.13913e+01
ph_10k = -8.56977e+01
ph_100k = -9.22165e+01
ph_1m = -1.15100e+02
ph_10m = -1.80969e+02
ASCII raw file "ac_SchGtKttTtVt.raw"
ngspice-42 done
[32mCorner simulation time: 0:00:01.489115[0m
Warning: Optran step size potentially too large.
ac_SchGtKttTtVt.meas: No such file or directory
[32mWriting output_ac/ac_SchGtKttTtVt.yaml[0m
[32mTotal simulation time: 0:00:01.509597[0m
| name            | time                     | type   |
|-----------------|--------------------------|--------|
| ac_SchGtKttTtVt | Wed May 13 22:27:33 2026 | Sch    |
