[32mAvailable replacements {cic(runsim|runmeas|corner|index|testbench|pyscript|rundir|sha|shas|oldsha|name|oname)}[0m
[32mReplacing {VCM} = 0.9[0m
[32mReplacing {cicname} = ac_SchGtKttThVt[0m
[32mRunning ac_SchGtKttThVt[0m
Warning: Optran step size potentially too large.
ERROR: (external)  no graphics interface;
 please check if X-server is running,
 or ngspice is compiled properly (see INSTALL)
Warning: m=xx on .subckt line will override multiplier m hierarchy!

Using KLU as Direct Linear Solver
Note: Starting source stepping
******
** ngspice-42 : Circuit level simulation program
** Compiled with KLU Direct Linear Solver
** The U. C. Berkeley CAD Group
** Copyright 1985-1994, Regents of the University of California.
** Copyright 2001-2023, The ngspice team.
** Please get your ngspice manual from https://ngspice.sourceforge.io/docs.html
** Please file your bug-reports at http://ngspice.sourceforge.net/bugrep.html
** Creation Date: Sun Mar 31 20:15:14 UTC 2024
******

Note: Compatibility modes selected: hs a


Circuit: *cicsimgen ac

option SCALE: Scale is set to 1e-06 for instance and model parameters
Doing analysis at TEMP = 125.000000 and TNOM = 27.000000

 Reference value :  0.00000e+00Using KLU as Direct Linear Solver
Note: Starting source stepping

No. of Data Rows : 1
v(vout) = 9.000000e-01
v(xdut.na) = 1.033666e+00
v(xdut.np2) = 1.216532e+00
v(xdut.nd1) = 6.088959e-01
v(xdut.nd2) = 6.067794e-01
v(xdut.ntail) = 4.004201e-01
Doing analysis at TEMP = 125.000000 and TNOM = 27.000000


No. of Data Rows : 901
dc_gain_db          =  6.480604e+01
fgbw                =  1.918764e+07
phase_ugf           =  -1.401438e+02
f3db                =  1.406011e+04
f_40db              =  2.446741e+05

================ OPEN-LOOP AC SUMMARY ================
dc_gain_db = 6.480604e+01
f3db = 1.406011e+04
fgbw = 1.918764e+07
phase_ugf = -1.40144e+02
pm = 3.985620e+01
f_40db = 2.446741e+05
mag_1 = 6.480604e+01
mag_10 = 6.480582e+01
mag_100 = 6.478423e+01
mag_1k = 6.303514e+01
mag_10k = 4.770093e+01
mag_100k = 2.777593e+01
mag_1m = 6.970397e+00
mag_10m = -1.49600e+01
ph_1 = -3.55910e-02
ph_10 = -4.06353e-01
ph_100 = -4.06184e+00
ph_1k = -3.53904e+01
ph_10k = -8.23078e+01
ph_100k = -9.24895e+01
ph_1m = -1.20375e+02
ph_10m = -1.96111e+02
ASCII raw file "ac_SchGtKttThVt.raw"
ngspice-42 done
[32mCorner simulation time: 0:00:01.188905[0m
Warning: Optran step size potentially too large.
ac_SchGtKttThVt.meas: No such file or directory
[32mWriting output_ac/ac_SchGtKttThVt.yaml[0m
[32mTotal simulation time: 0:00:01.209149[0m
| name            | time                     | type   |
|-----------------|--------------------------|--------|
| ac_SchGtKttThVt | Wed May 13 22:27:37 2026 | Sch    |
