[32mAvailable replacements {cic(runsim|runmeas|corner|index|testbench|pyscript|rundir|sha|shas|oldsha|name|oname)}[0m
[32mReplacing {VCM} = 0.9[0m
[32mReplacing {cicname} = ac_SchGtKttTlVt[0m
[32mRunning ac_SchGtKttTlVt[0m
Warning: Optran step size potentially too large.
ERROR: (external)  no graphics interface;
 please check if X-server is running,
 or ngspice is compiled properly (see INSTALL)
Warning: m=xx on .subckt line will override multiplier m hierarchy!

Using KLU as Direct Linear Solver
Note: Starting source stepping
******
** ngspice-42 : Circuit level simulation program
** Compiled with KLU Direct Linear Solver
** The U. C. Berkeley CAD Group
** Copyright 1985-1994, Regents of the University of California.
** Copyright 2001-2023, The ngspice team.
** Please get your ngspice manual from https://ngspice.sourceforge.io/docs.html
** Please file your bug-reports at http://ngspice.sourceforge.net/bugrep.html
** Creation Date: Sun Mar 31 20:15:14 UTC 2024
******

Note: Compatibility modes selected: hs a


Circuit: *cicsimgen ac

option SCALE: Scale is set to 1e-06 for instance and model parameters
Doing analysis at TEMP = -40.000000 and TNOM = 27.000000

 Reference value :  0.00000e+00Using KLU as Direct Linear Solver
Note: Starting source stepping

No. of Data Rows : 1
v(vout) = 9.000000e-01
v(xdut.na) = 8.599565e-01
v(xdut.np2) = 1.418373e+00
v(xdut.nd1) = 5.533760e-01
v(xdut.nd2) = 5.538238e-01
v(xdut.ntail) = 3.201370e-01
Doing analysis at TEMP = -40.000000 and TNOM = 27.000000


No. of Data Rows : 901
dc_gain_db          =  7.284005e+01
fgbw                =  2.695233e+07
phase_ugf           =  -1.374166e+02
f3db                =  7.816613e+03
f_40db              =  3.435085e+05

================ OPEN-LOOP AC SUMMARY ================
dc_gain_db = 7.284005e+01
f3db = 7.816613e+03
fgbw = 2.695233e+07
phase_ugf = -1.37417e+02
pm = 4.258340e+01
f_40db = 3.435085e+05
mag_1 = 7.284005e+01
mag_10 = 7.283935e+01
mag_100 = 7.276988e+01
mag_1k = 6.864227e+01
mag_10k = 5.069441e+01
mag_100k = 3.071579e+01
mag_1m = 1.026731e+01
mag_10m = -1.21667e+01
ph_1 = -6.39368e-02
ph_10 = -7.30528e-01
ph_100 = -7.27548e+00
ph_1k = -5.19433e+01
ph_10k = -8.57465e+01
ph_100k = -9.18156e+01
ph_1m = -1.11575e+02
ph_10m = -1.74307e+02
ASCII raw file "ac_SchGtKttTlVt.raw"
ngspice-42 done
[32mCorner simulation time: 0:00:01.526875[0m
Warning: Optran step size potentially too large.
ac_SchGtKttTlVt.meas: No such file or directory
[32mWriting output_ac/ac_SchGtKttTlVt.yaml[0m
[32mTotal simulation time: 0:00:01.546835[0m
| name            | time                     | type   |
|-----------------|--------------------------|--------|
| ac_SchGtKttTlVt | Wed May 13 22:27:35 2026 | Sch    |
